04-18 14:29:59.004 16135 16135 I ViewInteraction: Checking 'MatchesViewAssertion(Detox){viewMatcher=(view has effective visibility <VISIBLE> and view.getGlobalVisibleRect() covers at least <75> percent of the view's area)}' assertion on view (view.getTag() is "nav.tab.Admin Hub" and view has effective visibility <VISIBLE>)
04-18 14:29:59.029 16135 16135 I ViewInteraction: Checking 'MatchesViewAssertion(Detox){viewMatcher=(view has effective visibility <VISIBLE> and view.getGlobalVisibleRect() covers at least <75> percent of the view's area)}' assertion on view (view.getTag() is "nav.tab.Admin Hub" and view has effective visibility <VISIBLE>)
04-18 14:29:59.054 16135 16135 I ViewInteraction: Checking 'MatchesViewAssertion(Detox){viewMatcher=(view has effective visibility <VISIBLE> and view.getGlobalVisibleRect() covers at least <75> percent of the view's area)}' assertion on view (view.getTag() is "nav.tab.Admin Hub" and view has effective visibility <VISIBLE>)
04-18 14:29:59.078 16135 16135 I ViewInteraction: Checking 'MatchesViewAssertion(Detox){viewMatcher=(view has effective visibility <VISIBLE> and view.getGlobalVisibleRect() covers at least <75> percent of the view's area)}' assertion on view (view.getTag() is "nav.tab.Admin Hub" and view has effective visibility <VISIBLE>)
04-18 14:29:59.102 16135 16135 I ViewInteraction: Checking 'MatchesViewAssertion(Detox){viewMatcher=(view has effective visibility <VISIBLE> and view.getGlobalVisibleRect() covers at least <75> percent of the view's area)}' assertion on view (view.getTag() is "nav.tab.Admin Hub" and view has effective visibility <VISIBLE>)
04-18 14:29:59.127 16135 16135 I ViewInteraction: Checking 'MatchesViewAssertion(Detox){viewMatcher=(view has effective visibility <VISIBLE> and view.getGlobalVisibleRect() covers at least <75> percent of the view's area)}' assertion on view (view.getTag() is "nav.tab.Admin Hub" and view has effective visibility <VISIBLE>)
04-18 14:29:59.152 16135 16135 I ViewInteraction: Checking 'MatchesViewAssertion(Detox){viewMatcher=(view has effective visibility <VISIBLE> and view.getGlobalVisibleRect() covers at least <75> percent of the view's area)}' assertion on view (view.getTag() is "nav.tab.Admin Hub" and view has effective visibility <VISIBLE>)
04-18 14:29:59.176 16135 16135 I ViewInteraction: Checking 'MatchesViewAssertion(Detox){viewMatcher=(view has effective visibility <VISIBLE> and view.getGlobalVisibleRect() covers at least <75> percent of the view's area)}' assertion on view (view.getTag() is "nav.tab.Admin Hub" and view has effective visibility <VISIBLE>)
04-18 14:29:59.200 16135 16135 I ViewInteraction: Checking 'MatchesViewAssertion(Detox){viewMatcher=(view has effective visibility <VISIBLE> and view.getGlobalVisibleRect() covers at least <75> percent of the view's area)}' assertion on view (view.getTag() is "nav.tab.Admin Hub" and view has effective visibility <VISIBLE>)
04-18 14:29:59.223 16135 16135 I ViewInteraction: Checking 'MatchesViewAssertion(Detox){viewMatcher=(view has effective visibility <VISIBLE> and view.getGlobalVisibleRect() covers at least <75> percent of the view's area)}' assertion on view (view.getTag() is "nav.tab.Admin Hub" and view has effective visibility <VISIBLE>)
04-18 14:29:59.249 16135 16135 I ViewInteraction: Checking 'MatchesViewAssertion(Detox){viewMatcher=(view has effective visibility <VISIBLE> and view.getGlobalVisibleRect() covers at least <75> percent of the view's area)}' assertion on view (view.getTag() is "nav.tab.Admin Hub" and view has effective visibility <VISIBLE>)
04-18 14:29:59.271 16135 16170 I DetoxActionHandlers: Test exception
04-18 14:29:59.271 16135 16170 I DetoxActionHandlers: java.lang.reflect.InvocationTargetException
04-18 14:29:59.271 16135 16170 I DetoxActionHandlers: 	at java.lang.reflect.Method.invoke(Native Method)
04-18 14:29:59.271 16135 16170 I DetoxActionHandlers: 	at org.apache.commons.lang3.reflect.MethodUtils.invokeStaticMethod(MethodUtils.java:443)
04-18 14:29:59.271 16135 16170 I DetoxActionHandlers: 	at org.apache.commons.lang3.reflect.MethodUtils.invokeStaticMethod(MethodUtils.java:405)
04-18 14:29:59.271 16135 16170 I DetoxActionHandlers: 	at com.wix.invoke.types.ClassTarget.execute(ClassTarget.java:23)
04-18 14:29:59.271 16135 16170 I DetoxActionHandlers: 	at com.wix.invoke.types.Target.invoke(Target.java:59)
04-18 14:29:59.271 16135 16170 I DetoxActionHandlers: 	at com.wix.invoke.MethodInvocation.invoke(MethodInvocation.java:35)
04-18 14:29:59.271 16135 16170 I DetoxActionHandlers: 	at com.wix.invoke.MethodInvocation.invoke(MethodInvocation.java:26)
04-18 14:29:59.271 16135 16170 I DetoxActionHandlers: 	at com.wix.invoke.MethodInvocation.invoke(MethodInvocation.java:20)
04-18 14:29:59.271 16135 16170 I DetoxActionHandlers: 	at com.wix.detox.adapters.server.InvokeActionHandler.handle(DetoxActionHandlers.kt:54)
04-18 14:29:59.271 16135 16170 I DetoxActionHandlers: 	at com.wix.detox.adapters.server.ActionsExecutor.executeAction$lambda$2$lambda$1(DetoxActionsDispatcher.kt:76)
04-18 14:29:59.271 16135 16170 I DetoxActionHandlers: 	at com.wix.detox.adapters.server.ActionsExecutor.$r8$lambda$LZ3KRuVesIYkeXHJoNMi_yqw1HU(Unknown Source:0)
04-18 14:29:59.271 16135 16170 I DetoxActionHandlers: 	at com.wix.detox.adapters.server.ActionsExecutor$$ExternalSyntheticLambda0.run(Unknown Source:8)
04-18 14:29:59.271 16135 16170 I DetoxActionHandlers: 	at android.os.Handler.handleCallback(Handler.java:995)
04-18 14:29:59.271 16135 16170 I DetoxActionHandlers: 	at android.os.Handler.dispatchMessage(Handler.java:103)
04-18 14:29:59.271 16135 16170 I DetoxActionHandlers: 	at android.os.Looper.loopOnce(Looper.java:248)
04-18 14:29:59.271 16135 16170 I DetoxActionHandlers: 	at android.os.Looper.loop(Looper.java:338)
04-18 14:29:59.271 16135 16170 I DetoxActionHandlers: 	at com.wix.detox.adapters.server.ActionsExecutor._init_$lambda$0(DetoxActionsDispatcher.kt:62)
04-18 14:29:59.271 16135 16170 I DetoxActionHandlers: 	at com.wix.detox.adapters.server.ActionsExecutor.$r8$lambda$4eWOlZMqOQq2jbqiFbTCEP-pHOY(Unknown Source:0)
04-18 14:29:59.271 16135 16170 I DetoxActionHandlers: 	at com.wix.detox.adapters.server.ActionsExecutor$$ExternalSyntheticLambda1.run(Unknown Source:4)
04-18 14:29:59.271 16135 16170 I DetoxActionHandlers: 	at java.lang.Thread.run(Thread.java:1119)
04-18 14:29:59.271 16135 16170 I DetoxActionHandlers: Caused by: com.wix.detox.common.DetoxErrors$DetoxRuntimeException: 30.0sec timeout expired without matching of given matcher: (view has effective visibility <VISIBLE> and view.getGlobalVisibleRect() covers at least <75> percent of the view's area)
04-18 14:29:59.271 16135 16170 I DetoxActionHandlers: 	at com.wix.detox.espresso.DetoxAssertion.waitForAssertMatcher(DetoxAssertion.java:72)
04-18 14:29:59.271 16135 16170 I DetoxActionHandlers: 	... 20 more
04-18 14:29:59.271 16135 16170 I DetoxWSClient: Sending out action 'testFailed' (ID #5)
04-18 14:29:59.271 16135 16170 I DetoxDispatcher: Done with action 'invoke'
04-18 14:29:59.272 16135 16174 D DetoxWSClient: Received action 'currentStatus' (ID #8, params={})
04-18 14:29:59.273 16135 16171 I DetoxDispatcher: Handling action 'currentStatus' (ID #8)...
04-18 14:29:59.273 16135 16171 I DetoxWSClient: Sending out action 'currentStatusResult' (ID #8)
04-18 14:29:59.274 16135 16171 I DetoxDispatcher: Done with action 'currentStatus'
04-18 14:29:59.279 16135 16174 D DetoxWSClient: Received action 'invoke' (ID #9, params={"target":{"type":"Class","value":"com.wix.detox.espresso.EspressoDetox"},"method":"setSynchronization","args":[{"type":"boolean","value":true}]})
04-18 14:29:59.280 16135 16170 I DetoxDispatcher: Handling action 'invoke' (ID #9)...
04-18 14:29:59.280 16135 16170 D Detox   : class com.wix.detox.espresso.EspressoDetox, setSynchronization, [true]
04-18 14:29:59.281 16135 16170 I DetoxRNIdleRes: Setting up Espresso Idling Resources for React Native
04-18 14:29:59.282 16135 16170 D IdlingRegistry: Registering idling resources: [com.wix.detox.reactnative.idlingresources.timers.TimersIdlingResource@6553f2b]
04-18 14:29:59.282 16135 16170 D IdlingRegistry: Registering idling resources: [com.wix.detox.reactnative.idlingresources.bridge.BridgeIdlingResource@1cd2f88]
04-18 14:29:59.282 16135 16170 D IdlingRegistry: Registering idling resources: [com.wix.detox.reactnative.idlingresources.uimodule.paper.UIModuleIdlingResource@408dd21]
04-18 14:29:59.282 16135 16170 D IdlingRegistry: Registering idling resources: [com.wix.detox.reactnative.idlingresources.animations.AnimatedModuleIdlingResource@3ac6546]
04-18 14:29:59.282 16135 16170 D IdlingRegistry: Registering idling resources: [com.wix.detox.reactnative.idlingresources.network.NetworkIdlingResource@166a307]
04-18 14:29:59.282 16135 16170 D IdlingRegistry: Registering idling resources: [com.wix.detox.reactnative.idlingresources.storage.AsyncStorageIdlingResource@cc9bc34]
04-18 14:29:59.283 16135 16170 I DetoxWSClient: Sending out action 'invokeResult' (ID #9)
04-18 14:29:59.283 16135 16170 I DetoxDispatcher: Done with action 'invoke'
04-18 14:29:59.298 16135 16174 D DetoxWSClient: Received action 'cleanup' (ID #-49642, params={"stopRunner":false})
04-18 14:29:59.299 16135 16170 I DetoxDispatcher: Handling action 'cleanup' (ID #-49642)...
04-18 14:29:59.299 16135 16170 D IdlingRegistry: Unregistering idling resources: [com.wix.detox.reactnative.idlingresources.timers.TimersIdlingResource@6553f2b]
04-18 14:29:59.299 16135 16170 D IdlingRegistry: Unregistering idling resources: [com.wix.detox.reactnative.idlingresources.storage.AsyncStorageIdlingResource@cc9bc34]
04-18 14:29:59.299 16135 16170 D IdlingRegistry: Unregistering idling resources: [com.wix.detox.reactnative.idlingresources.bridge.BridgeIdlingResource@1cd2f88]
04-18 14:29:59.299 16135 16170 D IdlingRegistry: Unregistering idling resources: [com.wix.detox.reactnative.idlingresources.uimodule.paper.UIModuleIdlingResource@408dd21]
04-18 14:29:59.299 16135 16170 D IdlingRegistry: Unregistering idling resources: [com.wix.detox.reactnative.idlingresources.animations.AnimatedModuleIdlingResource@3ac6546]
04-18 14:29:59.299 16135 16170 D IdlingRegistry: Unregistering idling resources: [com.wix.detox.reactnative.idlingresources.network.NetworkIdlingResource@166a307]
04-18 14:29:59.299 16135 16135 I IdlingResourceRegistry: Ignoring message from unregistered resource: androidx.test.espresso.base.LooperIdlingResourceInterrogationHandler@d752a5d
04-18 14:29:59.300 16135 16170 I DetoxWSClient: Sending out action 'cleanupDone' (ID #-49642)
04-18 14:29:59.300 16135 16170 I DetoxDispatcher: Done with action 'cleanup'
04-18 14:30:00.335   661   779 D ActivityManager: freezing 4908 com.android.keychain
04-18 14:30:00.337   661   779 D ActivityManager: freezing 3511 com.android.dynsystem:dynsystem
04-18 14:30:00.338   661   779 D ActivityManager: freezing 3490 com.android.dynsystem
04-18 14:30:00.339   661   779 D ActivityManager: freezing 2652 com.android.localtransport
04-18 14:30:00.362 16289 16289 W dumpsys : Thread Pool max thread count is 0. Cannot cache binder as linkToDeath cannot be implemented. serviceName: package
04-18 14:30:00.387   812   820 I artd    : GetBestInfo: odex next to the dex file (/data/app/~~pj0r3PNDVenBte9THHK4Mg==/com.google.android.gms-u41HpRU641dIqdC7q3HzXA==/oat/arm64/base.odex) is kOatUpToDate with filter 'speed-profile' executable 'false'
04-18 14:30:00.388   812   820 I artd    : GetBestInfo: odex next to the dex file (/data/app/~~pj0r3PNDVenBte9THHK4Mg==/com.google.android.gms-u41HpRU641dIqdC7q3HzXA==/oat/arm64/split_AdsDynamite_installtime.odex) is kOatUpToDate with filter 'speed' executable 'false'
04-18 14:30:00.389   812   820 I artd    : GetBestInfo: odex next to the dex file (/data/app/~~pj0r3PNDVenBte9THHK4Mg==/com.google.android.gms-u41HpRU641dIqdC7q3HzXA==/oat/arm64/split_CronetDynamite_installtime.odex) is kOatUpToDate with filter 'speed' executable 'false'
04-18 14:30:00.389   812   820 I artd    : GetBestInfo: odex next to the dex file (/data/app/~~pj0r3PNDVenBte9THHK4Mg==/com.google.android.gms-u41HpRU641dIqdC7q3HzXA==/oat/arm64/split_DynamiteLoader_installtime.odex) is kOatUpToDate with filter 'speed' executable 'false'
04-18 14:30:00.390   812   820 I artd    : GetBestInfo: odex next to the dex file (/data/app/~~pj0r3PNDVenBte9THHK4Mg==/com.google.android.gms-u41HpRU641dIqdC7q3HzXA==/oat/arm64/split_DynamiteModulesA_installtime.odex) is kOatUpToDate with filter 'speed' executable 'false'
04-18 14:30:00.391   812   820 I artd    : GetBestInfo: odex next to the dex file (/data/app/~~pj0r3PNDVenBte9THHK4Mg==/com.google.android.gms-u41HpRU641dIqdC7q3HzXA==/oat/arm64/split_DynamiteModulesC_installtime.odex) is kOatUpToDate with filter 'speed' executable 'false'
04-18 14:30:00.392   812   820 I artd    : GetBestInfo: odex next to the dex file (/data/app/~~pj0r3PNDVenBte9THHK4Mg==/com.google.android.gms-u41HpRU641dIqdC7q3HzXA==/oat/arm64/split_GoogleCertificates_installtime.odex) is kOatUpToDate with filter 'speed' executable 'false'
04-18 14:30:00.393   812   820 I artd    : GetBestInfo: odex next to the dex file (/data/app/~~pj0r3PNDVenBte9THHK4Mg==/com.google.android.gms-u41HpRU641dIqdC7q3HzXA==/oat/arm64/split_MapsDynamite_installtime.odex) is kOatUpToDate with filter 'speed' executable 'false'
04-18 14:30:00.393   812   820 I artd    : GetBestInfo: odex next to the dex file (/data/app/~~pj0r3PNDVenBte9THHK4Mg==/com.google.android.gms-u41HpRU641dIqdC7q3HzXA==/oat/arm64/split_MeasurementDynamite_installtime.odex) is kOatUpToDate with filter 'speed' executable 'false'
04-18 14:30:00.394   812   820 I artd    : GetBestInfo: /data/user_de/0/com.google.android.gms/app_chimera/m/00000017/dl-Appsearch.optional_261332100400.apk has no usable artifacts
04-18 14:30:00.394   812   820 I artd    : GetBestInfo: /data/user_de/0/com.google.android.gms/app_chimera/m/0000000d/dl-VisionOcr.optional_250834100000.apk has no usable artifacts
04-18 14:30:00.394   812   820 I artd    : GetBestInfo: /data/user_de/0/com.google.android.gms/app_chimera/m/00000001/CronetDynamite.apk has no usable artifacts
04-18 14:30:00.395   812   820 I artd    : GetBestInfo: /data/user_de/0/com.google.android.gms/app_chimera/m/00000016/dl-PlayCloudSearch.optional_261332100000.apk has no usable artifacts
04-18 14:30:00.395   812   820 I artd    : GetBestInfo: /data/user_de/0/com.google.android.gms/app_chimera/m/00000002/DynamiteLoader.apk has no usable artifacts
04-18 14:30:00.395   812   820 I artd    : GetBestInfo: /data/user_de/0/com.google.android.gms/app_chimera/m/00000012/dl-MlkitBarcodeUi.optional_261332100400.apk has no usable artifacts
04-18 14:30:00.396   812   820 I artd    : GetBestInfo: /data/user_de/0/com.google.android.gms/app_chimera/m/00000005/GoogleCertificates.apk has no usable artifacts
04-18 14:30:00.396   812   820 I artd    : GetBestInfo: /data/user_de/0/com.google.android.gms/app_chimera/m/00000009/dl-TfliteDynamiteDynamite.integ_252130102100400.apk has no usable artifacts
04-18 14:30:00.397   812   820 I artd    : GetBestInfo: vdex next to the dex file (/data/user/0/com.google.android.gms/app_dg_cache/707FFD883BF2A7896692338F9625CA52336E933B/oat/arm64/the.vdex) is kOatUpToDate with filter 'verify' executable 'false'
04-18 14:30:00.397   812   820 I artd    : GetBestInfo: /data/user_de/0/com.google.android.gms/app_chimera/m/0000000c/dl-MlkitBarcodeUi.optional_250834100400.apk has no usable artifacts
04-18 14:30:00.398   812   820 I artd    : GetBestInfo: /data/user_de/0/com.google.android.gms/app_chimera/m/0000000e/dl-MlkitOcrCommon.optional_250834100400.apk has no usable artifacts
04-18 14:30:00.398   812   820 I artd    : GetBestInfo: /data/user_de/0/com.google.android.gms/app_chimera/m/00000007/MeasurementDynamite.apk has no usable artifacts
04-18 14:30:00.399   812   820 I artd    : GetBestInfo: /data/user_de/0/com.google.android.gms/app_chimera/m/00000008/dl-Appsearch.optional_250834100400.apk has no usable artifacts
04-18 14:30:02.303 16135 16174 D DetoxWSClient: Retrying...
04-18 14:30:02.303 16135 16174 I DetoxWSClient: At connectToServer
04-18 14:30:05.313 16135 16294 D DetoxWSClient: Retrying...
04-18 14:30:05.313 16135 16294 I DetoxWSClient: At connectToServer
04-18 14:30:08.319 16135 16299 D DetoxWSClient: Retrying...
04-18 14:30:08.319 16135 16299 I DetoxWSClient: At connectToServer
04-18 14:30:08.402  1244  1504 D SatelliteController: iisInCarrierRoamingNbIotNtn: satellite is disabled
04-18 14:30:10.365 16306 16306 W dumpsys : Thread Pool max thread count is 0. Cannot cache binder as linkToDeath cannot be implemented. serviceName: package
04-18 14:30:10.387   812   820 I artd    : GetBestInfo: odex next to the dex file (/data/app/~~pj0r3PNDVenBte9THHK4Mg==/com.google.android.gms-u41HpRU641dIqdC7q3HzXA==/oat/arm64/base.odex) is kOatUpToDate with filter 'speed-profile' executable 'false'
04-18 14:30:10.388   812   820 I artd    : GetBestInfo: odex next to the dex file (/data/app/~~pj0r3PNDVenBte9THHK4Mg==/com.google.android.gms-u41HpRU641dIqdC7q3HzXA==/oat/arm64/split_AdsDynamite_installtime.odex) is kOatUpToDate with filter 'speed' executable 'false'
04-18 14:30:10.389   812   820 I artd    : GetBestInfo: odex next to the dex file (/data/app/~~pj0r3PNDVenBte9THHK4Mg==/com.google.android.gms-u41HpRU641dIqdC7q3HzXA==/oat/arm64/split_CronetDynamite_installtime.odex) is kOatUpToDate with filter 'speed' executable 'false'
04-18 14:30:10.390   812   820 I artd    : GetBestInfo: odex next to the dex file (/data/app/~~pj0r3PNDVenBte9THHK4Mg==/com.google.android.gms-u41HpRU641dIqdC7q3HzXA==/oat/arm64/split_DynamiteLoader_installtime.odex) is kOatUpToDate with filter 'speed' executable 'false'
04-18 14:30:10.391   812   820 I artd    : GetBestInfo: odex next to the dex file (/data/app/~~pj0r3PNDVenBte9THHK4Mg==/com.google.android.gms-u41HpRU641dIqdC7q3HzXA==/oat/arm64/split_DynamiteModulesA_installtime.odex) is kOatUpToDate with filter 'speed' executable 'false'
04-18 14:30:10.391   812   820 I artd    : GetBestInfo: odex next to the dex file (/data/app/~~pj0r3PNDVenBte9THHK4Mg==/com.google.android.gms-u41HpRU641dIqdC7q3HzXA==/oat/arm64/split_DynamiteModulesC_installtime.odex) is kOatUpToDate with filter 'speed' executable 'false'
04-18 14:30:10.392   812   812 I artd    : GetBestInfo: odex next to the dex file (/data/app/~~pj0r3PNDVenBte9THHK4Mg==/com.google.android.gms-u41HpRU641dIqdC7q3HzXA==/oat/arm64/split_GoogleCertificates_installtime.odex) is kOatUpToDate with filter 'speed' executable 'false'
04-18 14:30:10.393   812   812 I artd    : GetBestInfo: odex next to the dex file (/data/app/~~pj0r3PNDVenBte9THHK4Mg==/com.google.android.gms-u41HpRU641dIqdC7q3HzXA==/oat/arm64/split_MapsDynamite_installtime.odex) is kOatUpToDate with filter 'speed' executable 'false'
04-18 14:30:10.394   812   812 I artd    : GetBestInfo: odex next to the dex file (/data/app/~~pj0r3PNDVenBte9THHK4Mg==/com.google.android.gms-u41HpRU641dIqdC7q3HzXA==/oat/arm64/split_MeasurementDynamite_installtime.odex) is kOatUpToDate with filter 'speed' executable 'false'
04-18 14:30:10.394   812   812 I artd    : GetBestInfo: /data/user_de/0/com.google.android.gms/app_chimera/m/00000017/dl-Appsearch.optional_261332100400.apk has no usable artifacts
04-18 14:30:10.395   812   812 I artd    : GetBestInfo: /data/user_de/0/com.google.android.gms/app_chimera/m/0000000d/dl-VisionOcr.optional_250834100000.apk has no usable artifacts
04-18 14:30:10.395   812   812 I artd    : GetBestInfo: /data/user_de/0/com.google.android.gms/app_chimera/m/00000001/CronetDynamite.apk has no usable artifacts
04-18 14:30:10.396   812   812 I artd    : GetBestInfo: /data/user_de/0/com.google.android.gms/app_chimera/m/00000016/dl-PlayCloudSearch.optional_261332100000.apk has no usable artifacts
04-18 14:30:10.396   812   812 I artd    : GetBestInfo: /data/user_de/0/com.google.android.gms/app_chimera/m/00000002/DynamiteLoader.apk has no usable artifacts
04-18 14:30:10.396   812   812 I artd    : GetBestInfo: /data/user_de/0/com.google.android.gms/app_chimera/m/00000012/dl-MlkitBarcodeUi.optional_261332100400.apk has no usable artifacts
04-18 14:30:10.396   812   812 I artd    : GetBestInfo: /data/user_de/0/com.google.android.gms/app_chimera/m/00000005/GoogleCertificates.apk has no usable artifacts
04-18 14:30:10.397   812   812 I artd    : GetBestInfo: /data/user_de/0/com.google.android.gms/app_chimera/m/00000009/dl-TfliteDynamiteDynamite.integ_252130102100400.apk has no usable artifacts
04-18 14:30:10.398   812   812 I artd    : GetBestInfo: vdex next to the dex file (/data/user/0/com.google.android.gms/app_dg_cache/707FFD883BF2A7896692338F9625CA52336E933B/oat/arm64/the.vdex) is kOatUpToDate with filter 'verify' executable 'false'
04-18 14:30:10.398   812   812 I artd    : GetBestInfo: /data/user_de/0/com.google.android.gms/app_chimera/m/0000000c/dl-MlkitBarcodeUi.optional_250834100400.apk has no usable artifacts
04-18 14:30:10.399   812   812 I artd    : GetBestInfo: /data/user_de/0/com.google.android.gms/app_chimera/m/0000000e/dl-MlkitOcrCommon.optional_250834100400.apk has no usable artifacts
04-18 14:30:10.399   812   820 I artd    : GetBestInfo: /data/user_de/0/com.google.android.gms/app_chimera/m/00000007/MeasurementDynamite.apk has no usable artifacts
04-18 14:30:10.400   812   820 I artd    : GetBestInfo: /data/user_de/0/com.google.android.gms/app_chimera/m/00000008/dl-Appsearch.optional_250834100400.apk has no usable artifacts
04-18 14:30:11.326 16135 16302 D DetoxWSClient: Retrying...
04-18 14:30:11.326 16135 16302 I DetoxWSClient: At connectToServer
04-18 14:30:14.333 16135 16311 D DetoxWSClient: Retrying...
04-18 14:30:14.333 16135 16311 I DetoxWSClient: At connectToServer
04-18 14:30:17.337 16135 16314 D DetoxWSClient: Retrying...
04-18 14:30:17.337 16135 16314 I DetoxWSClient: At connectToServer
04-18 14:30:18.403  1244  1504 D SatelliteController: iisInCarrierRoamingNbIotNtn: satellite is disabled
04-18 14:30:20.344 16135 16319 D DetoxWSClient: Retrying...
04-18 14:30:20.344 16135 16319 I DetoxWSClient: At connectToServer
04-18 14:30:20.346 16322 16322 W dumpsys : Thread Pool max thread count is 0. Cannot cache binder as linkToDeath cannot be implemented. serviceName: package
04-18 14:30:20.373   812   820 I artd    : GetBestInfo: odex next to the dex file (/data/app/~~pj0r3PNDVenBte9THHK4Mg==/com.google.android.gms-u41HpRU641dIqdC7q3HzXA==/oat/arm64/base.odex) is kOatUpToDate with filter 'speed-profile' executable 'false'
04-18 14:30:20.374   812   820 I artd    : GetBestInfo: odex next to the dex file (/data/app/~~pj0r3PNDVenBte9THHK4Mg==/com.google.android.gms-u41HpRU641dIqdC7q3HzXA==/oat/arm64/split_AdsDynamite_installtime.odex) is kOatUpToDate with filter 'speed' executable 'false'
04-18 14:30:20.374   812   820 I artd    : GetBestInfo: odex next to the dex file (/data/app/~~pj0r3PNDVenBte9THHK4Mg==/com.google.android.gms-u41HpRU641dIqdC7q3HzXA==/oat/arm64/split_CronetDynamite_installtime.odex) is kOatUpToDate with filter 'speed' executable 'false'
04-18 14:30:20.375   812   820 I artd    : GetBestInfo: odex next to the dex file (/data/app/~~pj0r3PNDVenBte9THHK4Mg==/com.google.android.gms-u41HpRU641dIqdC7q3HzXA==/oat/arm64/split_DynamiteLoader_installtime.odex) is kOatUpToDate with filter 'speed' executable 'false'
04-18 14:30:20.376   812   820 I artd    : GetBestInfo: odex next to the dex file (/data/app/~~pj0r3PNDVenBte9THHK4Mg==/com.google.android.gms-u41HpRU641dIqdC7q3HzXA==/oat/arm64/split_DynamiteModulesA_installtime.odex) is kOatUpToDate with filter 'speed' executable 'false'
04-18 14:30:20.376   812   820 I artd    : GetBestInfo: odex next to the dex file (/data/app/~~pj0r3PNDVenBte9THHK4Mg==/com.google.android.gms-u41HpRU641dIqdC7q3HzXA==/oat/arm64/split_DynamiteModulesC_installtime.odex) is kOatUpToDate with filter 'speed' executable 'false'
04-18 14:30:20.377   812   820 I artd    : GetBestInfo: odex next to the dex file (/data/app/~~pj0r3PNDVenBte9THHK4Mg==/com.google.android.gms-u41HpRU641dIqdC7q3HzXA==/oat/arm64/split_GoogleCertificates_installtime.odex) is kOatUpToDate with filter 'speed' executable 'false'
04-18 14:30:20.378   812   820 I artd    : GetBestInfo: odex next to the dex file (/data/app/~~pj0r3PNDVenBte9THHK4Mg==/com.google.android.gms-u41HpRU641dIqdC7q3HzXA==/oat/arm64/split_MapsDynamite_installtime.odex) is kOatUpToDate with filter 'speed' executable 'false'
04-18 14:30:20.378   812   820 I artd    : GetBestInfo: odex next to the dex file (/data/app/~~pj0r3PNDVenBte9THHK4Mg==/com.google.android.gms-u41HpRU641dIqdC7q3HzXA==/oat/arm64/split_MeasurementDynamite_installtime.odex) is kOatUpToDate with filter 'speed' executable 'false'
04-18 14:30:20.379   812   820 I artd    : GetBestInfo: /data/user_de/0/com.google.android.gms/app_chimera/m/00000017/dl-Appsearch.optional_261332100400.apk has no usable artifacts
04-18 14:30:20.379   812   820 I artd    : GetBestInfo: /data/user_de/0/com.google.android.gms/app_chimera/m/0000000d/dl-VisionOcr.optional_250834100000.apk has no usable artifacts
04-18 14:30:20.380   812   820 I artd    : GetBestInfo: /data/user_de/0/com.google.android.gms/app_chimera/m/00000001/CronetDynamite.apk has no usable artifacts
04-18 14:30:20.380   812   820 I artd    : GetBestInfo: /data/user_de/0/com.google.android.gms/app_chimera/m/00000016/dl-PlayCloudSearch.optional_261332100000.apk has no usable artifacts
04-18 14:30:20.380   812   820 I artd    : GetBestInfo: /data/user_de/0/com.google.android.gms/app_chimera/m/00000002/DynamiteLoader.apk has no usable artifacts
04-18 14:30:20.381   812   820 I artd    : GetBestInfo: /data/user_de/0/com.google.android.gms/app_chimera/m/00000012/dl-MlkitBarcodeUi.optional_261332100400.apk has no usable artifacts
04-18 14:30:20.381   812   820 I artd    : GetBestInfo: /data/user_de/0/com.google.android.gms/app_chimera/m/00000005/GoogleCertificates.apk has no usable artifacts
04-18 14:30:20.381   812   820 I artd    : GetBestInfo: /data/user_de/0/com.google.android.gms/app_chimera/m/00000009/dl-TfliteDynamiteDynamite.integ_252130102100400.apk has no usable artifacts
04-18 14:30:20.382   812   820 I artd    : GetBestInfo: vdex next to the dex file (/data/user/0/com.google.android.gms/app_dg_cache/707FFD883BF2A7896692338F9625CA52336E933B/oat/arm64/the.vdex) is kOatUpToDate with filter 'verify' executable 'false'
04-18 14:30:20.382   812   820 I artd    : GetBestInfo: /data/user_de/0/com.google.android.gms/app_chimera/m/0000000c/dl-MlkitBarcodeUi.optional_250834100400.apk has no usable artifacts
04-18 14:30:20.383   812   820 I artd    : GetBestInfo: /data/user_de/0/com.google.android.gms/app_chimera/m/0000000e/dl-MlkitOcrCommon.optional_250834100400.apk has no usable artifacts
04-18 14:30:20.383   812   820 I artd    : GetBestInfo: /data/user_de/0/com.google.android.gms/app_chimera/m/00000007/MeasurementDynamite.apk has no usable artifacts
04-18 14:30:20.384   812   820 I artd    : GetBestInfo: /data/user_de/0/com.google.android.gms/app_chimera/m/00000008/dl-Appsearch.optional_250834100400.apk has no usable artifacts
04-18 14:30:23.347 16135 16324 D DetoxWSClient: Retrying...
04-18 14:30:23.347 16135 16324 I DetoxWSClient: At connectToServer
04-18 14:30:26.354 16135 16330 D DetoxWSClient: Retrying...
04-18 14:30:26.354 16135 16330 I DetoxWSClient: At connectToServer
04-18 14:30:27.555  1661  1906 I bdee    : (REDACTED) getHotwordActive::active query: %s, watch: %s, devices connected: %s
04-18 14:30:28.403  1244  1504 D SatelliteController: iisInCarrierRoamingNbIotNtn: satellite is disabled
04-18 14:30:29.358 16135 16333 D DetoxWSClient: Retrying...
04-18 14:30:29.358 16135 16333 I DetoxWSClient: At connectToServer
04-18 14:30:30.360 16339 16339 W dumpsys : Thread Pool max thread count is 0. Cannot cache binder as linkToDeath cannot be implemented. serviceName: package
04-18 14:30:30.385   812   820 I artd    : GetBestInfo: odex next to the dex file (/data/app/~~pj0r3PNDVenBte9THHK4Mg==/com.google.android.gms-u41HpRU641dIqdC7q3HzXA==/oat/arm64/base.odex) is kOatUpToDate with filter 'speed-profile' executable 'false'
04-18 14:30:30.386   812   820 I artd    : GetBestInfo: odex next to the dex file (/data/app/~~pj0r3PNDVenBte9THHK4Mg==/com.google.android.gms-u41HpRU641dIqdC7q3HzXA==/oat/arm64/split_AdsDynamite_installtime.odex) is kOatUpToDate with filter 'speed' executable 'false'
04-18 14:30:30.387   812   820 I artd    : GetBestInfo: odex next to the dex file (/data/app/~~pj0r3PNDVenBte9THHK4Mg==/com.google.android.gms-u41HpRU641dIqdC7q3HzXA==/oat/arm64/split_CronetDynamite_installtime.odex) is kOatUpToDate with filter 'speed' executable 'false'
04-18 14:30:30.387   812   820 I artd    : GetBestInfo: odex next to the dex file (/data/app/~~pj0r3PNDVenBte9THHK4Mg==/com.google.android.gms-u41HpRU641dIqdC7q3HzXA==/oat/arm64/split_DynamiteLoader_installtime.odex) is kOatUpToDate with filter 'speed' executable 'false'
04-18 14:30:30.388   812   820 I artd    : GetBestInfo: odex next to the dex file (/data/app/~~pj0r3PNDVenBte9THHK4Mg==/com.google.android.gms-u41HpRU641dIqdC7q3HzXA==/oat/arm64/split_DynamiteModulesA_installtime.odex) is kOatUpToDate with filter 'speed' executable 'false'
04-18 14:30:30.389   812   820 I artd    : GetBestInfo: odex next to the dex file (/data/app/~~pj0r3PNDVenBte9THHK4Mg==/com.google.android.gms-u41HpRU641dIqdC7q3HzXA==/oat/arm64/split_DynamiteModulesC_installtime.odex) is kOatUpToDate with filter 'speed' executable 'false'
04-18 14:30:30.389   812   820 I artd    : GetBestInfo: odex next to the dex file (/data/app/~~pj0r3PNDVenBte9THHK4Mg==/com.google.android.gms-u41HpRU641dIqdC7q3HzXA==/oat/arm64/split_GoogleCertificates_installtime.odex) is kOatUpToDate with filter 'speed' executable 'false'
04-18 14:30:30.390   812   820 I artd    : GetBestInfo: odex next to the dex file (/data/app/~~pj0r3PNDVenBte9THHK4Mg==/com.google.android.gms-u41HpRU641dIqdC7q3HzXA==/oat/arm64/split_MapsDynamite_installtime.odex) is kOatUpToDate with filter 'speed' executable 'false'
04-18 14:30:30.390   812   820 I artd    : GetBestInfo: odex next to the dex file (/data/app/~~pj0r3PNDVenBte9THHK4Mg==/com.google.android.gms-u41HpRU641dIqdC7q3HzXA==/oat/arm64/split_MeasurementDynamite_installtime.odex) is kOatUpToDate with filter 'speed' executable 'false'
04-18 14:30:30.391   812   820 I artd    : GetBestInfo: /data/user_de/0/com.google.android.gms/app_chimera/m/00000017/dl-Appsearch.optional_261332100400.apk has no usable artifacts
04-18 14:30:30.391   812   820 I artd    : GetBestInfo: /data/user_de/0/com.google.android.gms/app_chimera/m/0000000d/dl-VisionOcr.optional_250834100000.apk has no usable artifacts
04-18 14:30:30.392   812   820 I artd    : GetBestInfo: /data/user_de/0/com.google.android.gms/app_chimera/m/00000001/CronetDynamite.apk has no usable artifacts
04-18 14:30:30.392   812   820 I artd    : GetBestInfo: /data/user_de/0/com.google.android.gms/app_chimera/m/00000016/dl-PlayCloudSearch.optional_261332100000.apk has no usable artifacts
04-18 14:30:30.392   812   820 I artd    : GetBestInfo: /data/user_de/0/com.google.android.gms/app_chimera/m/00000002/DynamiteLoader.apk has no usable artifacts
04-18 14:30:30.393   812   820 I artd    : GetBestInfo: /data/user_de/0/com.google.android.gms/app_chimera/m/00000012/dl-MlkitBarcodeUi.optional_261332100400.apk has no usable artifacts
04-18 14:30:30.393   812   820 I artd    : GetBestInfo: /data/user_de/0/com.google.android.gms/app_chimera/m/00000005/GoogleCertificates.apk has no usable artifacts
04-18 14:30:30.394   812   820 I artd    : GetBestInfo: /data/user_de/0/com.google.android.gms/app_chimera/m/00000009/dl-TfliteDynamiteDynamite.integ_252130102100400.apk has no usable artifacts
04-18 14:30:30.394   812   820 I artd    : GetBestInfo: vdex next to the dex file (/data/user/0/com.google.android.gms/app_dg_cache/707FFD883BF2A7896692338F9625CA52336E933B/oat/arm64/the.vdex) is kOatUpToDate with filter 'verify' executable 'false'
04-18 14:30:30.395   812   820 I artd    : GetBestInfo: /data/user_de/0/com.google.android.gms/app_chimera/m/0000000c/dl-MlkitBarcodeUi.optional_250834100400.apk has no usable artifacts
04-18 14:30:30.395   812   820 I artd    : GetBestInfo: /data/user_de/0/com.google.android.gms/app_chimera/m/0000000e/dl-MlkitOcrCommon.optional_250834100400.apk has no usable artifacts
04-18 14:30:30.396   812   820 I artd    : GetBestInfo: /data/user_de/0/com.google.android.gms/app_chimera/m/00000007/MeasurementDynamite.apk has no usable artifacts
04-18 14:30:30.396   812   820 I artd    : GetBestInfo: /data/user_de/0/com.google.android.gms/app_chimera/m/00000008/dl-Appsearch.optional_250834100400.apk has no usable artifacts
04-18 14:30:32.362 16135 16338 D DetoxWSClient: Retrying...
04-18 14:30:32.362 16135 16338 I DetoxWSClient: At connectToServer
04-18 14:30:35.367 16135 16344 D DetoxWSClient: Retrying...
04-18 14:30:35.367 16135 16344 I DetoxWSClient: At connectToServer
